# UMI-tools version: 1.1.6
# output generated by extract --extract-method=regex --bc-pattern=^(?P<umi_1>.{12})(?P<discard_1>AGTCGTCTCGAAGT?){s<=2} -I examples/simulated/sim_DNA_R1.fastq.gz --read2-in examples/simulated/sim_DNA_R2.fastq.gz -S results_example/align/umi_R1.fastq.gz --read2-out results_example/align/umi_R2.fastq.gz --log=results_example/logs/umi_extract.log
# job started at Sun Aug 30 06:37:26 2026 on 192.168.1.100 -- ee58b87c-3bcd-4fcf-b0ba-9ceba0fc995a
# pid: 93434, system: Darwin 25.5.0 Darwin Kernel Version 25.5.0: Tue Jun  9 22:27:52 PDT 2026; root:xnu-12377.121.10~1/RELEASE_ARM64_T8112 arm64
# blacklist                               : None
# compresslevel                           : 6
# correct_umi_threshold                   : 0
# either_read                             : False
# either_read_resolve                     : discard
# error_correct_cell                      : False
# extract_method                          : regex
# filter_cell_barcode                     : None
# filter_cell_barcodes                    : False
# filter_umi                              : None
# filtered_out                            : None
# filtered_out2                           : None
# ignore_suffix                           : False
# log2stderr                              : False
# loglevel                                : 1
# pattern                                 : ^(?P<umi_1>.{12})(?P<discard_1>AGTCGTCTCGAAGT?){s<=2}
# pattern2                                : None
# prime3                                  : None
# quality_encoding                        : None
# quality_filter_mask                     : None
# quality_filter_threshold                : None
# random_seed                             : None
# read2_in                                : examples/simulated/sim_DNA_R2.fastq.gz
# read2_only                              : False
# read2_out                               : results_example/align/umi_R2.fastq.gz
# read2_stdout                            : False
# reads_subset                            : None
# reconcile                               : False
# retain_umi                              : None
# short_help                              : None
# stderr                                  : <_io.TextIOWrapper name='<stderr>' mode='w' encoding='utf-8'>
# stdin                                   : <_io.TextIOWrapper name='examples/simulated/sim_DNA_R1.fastq.gz' encoding='ascii'>
# stdlog                                  : <_io.TextIOWrapper name='results_example/logs/umi_extract.log' mode='a' encoding='UTF-8'>
# stdout                                  : <_io.TextIOWrapper name='results_example/align/umi_R1.fastq.gz' encoding='ascii'>
# timeit_file                             : None
# timeit_header                           : None
# timeit_name                             : all
# tmpdir                                  : None
# umi_correct_log                         : None
# umi_separator                           : _
# umi_whitelist                           : None
# umi_whitelist_paired                    : None
# whitelist                               : None
2026-08-30 06:37:26,117 INFO Starting barcode extraction
2026-08-30 06:37:26,512 INFO Input Reads: 8609
2026-08-30 06:37:26,512 INFO regex matches read1: 8609
2026-08-30 06:37:26,512 INFO Reads output: 8609
# job finished in 0 seconds at Sun Aug 30 06:37:26 2026 --  1.49  0.24  0.00  0.00 -- ee58b87c-3bcd-4fcf-b0ba-9ceba0fc995a
