# UMI-tools version: 1.1.6
# output generated by dedup -I results_example/align/aligned.bam -S results_example/align/dedup.bam --paired --method=directional --output-stats=results_example/align/dedup_stats --log=results_example/logs/umi_dedup.log
# job started at Sun Aug 30 06:37:30 2026 on 192.168.1.100 -- 7707387a-945f-4ddf-ac77-8dec0d3430d3
# pid: 93479, system: Darwin 25.5.0 Darwin Kernel Version 25.5.0: Tue Jun  9 22:27:52 PDT 2026; root:xnu-12377.121.10~1/RELEASE_ARM64_T8112 arm64
# assigned_tag                            : None
# cell_tag                                : None
# cell_tag_delim                          : None
# cell_tag_split                          : -
# chimeric_pairs                          : use
# chrom                                   : None
# compresslevel                           : 6
# detection_method                        : None
# filter_umi                              : None
# gene_tag                                : None
# gene_transcript_map                     : None
# get_umi_method                          : read_id
# ignore_tlen                             : False
# ignore_umi                              : False
# in_sam                                  : False
# log2stderr                              : False
# loglevel                                : 1
# mapping_quality                         : 0
# method                                  : directional
# no_sort_output                          : False
# out_sam                                 : False
# output_unmapped                         : False
# paired                                  : True
# per_cell                                : False
# per_contig                              : False
# per_gene                                : False
# random_seed                             : None
# read_length                             : False
# short_help                              : None
# skip_regex                              : ^(__|Unassigned)
# soft_clip_threshold                     : 4
# spliced                                 : False
# stats                                   : results_example/align/dedup_stats
# stderr                                  : <_io.TextIOWrapper name='<stderr>' mode='w' encoding='utf-8'>
# stdin                                   : <_io.TextIOWrapper name='results_example/align/aligned.bam' mode='r' encoding='UTF-8'>
# stdlog                                  : <_io.TextIOWrapper name='results_example/logs/umi_dedup.log' mode='a' encoding='UTF-8'>
# stdout                                  : <_io.TextIOWrapper name='results_example/align/dedup.bam' mode='w' encoding='UTF-8'>
# subset                                  : None
# threshold                               : 1
# timeit_file                             : None
# timeit_header                           : None
# timeit_name                             : all
# tmpdir                                  : None
# umi_sep                                 : _
# umi_tag                                 : RX
# umi_tag_delim                           : None
# umi_tag_split                           : None
# umi_whitelist                           : None
# umi_whitelist_paired                    : None
# unmapped_reads                          : discard
# unpaired_reads                          : use
# whole_contig                            : False
2026-08-30 06:37:30,955 WARNING Chimeric read pairs are being used. Some read pair UMIs may be grouped/deduplicated using just the mapping coordinates from read1.This may also increase the run time and memory usage. Consider --chimeric-pairs==discard to discard these reads or --chimeric-pairs==output (group command only) to output them without grouping
2026-08-30 06:37:30,955 WARNING Unpaired read pairs are being used. Some read pair UMIs may be grouped/deduplicated using just the mapping coordinates from read1.This may also increase the run time and memory usage. Consider --unpared-reads==discard to discard these reads or --unpared-reads==output (group command only) to output them without grouping
2026-08-30 06:37:30,955 INFO command: dedup -I results_example/align/aligned.bam -S results_example/align/dedup.bam --paired --method=directional --output-stats=results_example/align/dedup_stats --log=results_example/logs/umi_dedup.log
2026-08-30 06:37:30,989 INFO total_umis 8609
2026-08-30 06:37:30,989 INFO #umis 3599
2026-08-30 06:37:31,388 INFO Searching for mates for 0 unmatched alignments
2026-08-30 06:37:31,389 INFO 0 mates never found
2026-08-30 06:37:31,492 INFO Reads: Input Reads: 8609, Read pairs: 8609
2026-08-30 06:37:31,492 INFO Number of reads out: 3599
2026-08-30 06:37:31,492 INFO Total number of positions deduplicated: 12
2026-08-30 06:37:31,492 INFO Mean number of unique UMIs per position: 300.00
2026-08-30 06:37:31,492 INFO Max. number of unique UMIs per position: 300
# job finished in 0 seconds at Sun Aug 30 06:37:31 2026 --  1.88  0.22  0.00  0.00 -- 7707387a-945f-4ddf-ac77-8dec0d3430d3
